# Germinator configuration
# https://github.com/anomalyco/germinator
#
# This file configures germinator's global behavior.
# All settings are optional - defaults are used if omitted.
# Settings below are commented out; uncomment and customize as needed.

# Path to your library directory containing skills, agents, commands, and presets.
# The library must contain a library.yaml index file.
# Supports ~ expansion for home directory.
# Default: ~/.local/share/germinator/library (or $XDG_DATA_HOME/germinator/library if set)
# library = "~/.local/share/germinator/library"

# Default platform when --platform is not specified.
# Options: "opencode" (default), "claude-code"
# Leave empty to require --platform on every command.
# Default: "" (none)
# platform = ""

# Shell completion configuration
[completion]

# Maximum time to wait for library loading during completion suggestions.
# Lower values = faster but may timeout on large libraries.
# Default: "500ms"
# timeout = "500ms"

# How long to cache library data for completion performance.
# Higher values = faster completions but may show stale results.
# Default: "5s"
# cache_ttl = "5s"
