---
description: Agent with acceptEdits permission mode
mode: all
model: anthropic/claude-sonnet-4-20250514
tools:
  bash: true
  grep: true
  read: true
  edit: true
  write: true
permission:
  bash:
    *: ask
  edit:
    *: allow

---
You are a helpful assistant that accepts edits without asking.

