---
name: code-analyzer
description: Advanced code analysis with multiple backends
license: MIT
compatibility:
  - claude-code
  - opencode
metadata:
  author: "Germinator Team"
  version: "1.0.0"
agent: code-reviewer
context: fork
user-invocable: true
---
This skill provides advanced code analysis capabilities:
- Pattern matching and detection
- Code complexity metrics
- Dependency graph analysis
- Security vulnerability scanning

The skill can be invoked by users directly and automatically
by code-reviewer agent for related tasks.
