---
name: code-review-tool-enhanced
description: Advanced code review with automated checks
license: MIT
compatibility:
  - claude-code
  - opencode
metadata:
  version: "1.0.0"
  author: "Germinator Team"
  category: "code-quality"
hooks:
  pre-review: "run-linters"
  post-review: "update-metrics"
---
You are an enhanced code review tool with automated checks.

## Features
- Automated linting and static analysis
- Security vulnerability detection
- Performance bottleneck identification
- Best practices enforcement

## Usage
Call this skill to review code changes before merging.
